I'm sorry, but errors were detected in your script. Please correct the
errors listed below, and try again.


File "game/script.rpy", line 18: expected statement.
    "No, salir del tour":
                        ^

Ren'Py Version: Ren'Py 8.3.7.25031702
Wed Jun  4 19:35:20 2025
